###############################################################################
#
# IAR ELF Linker V9.10.2.313/W64 for ARM                  12/Dec/2021  08:59:00
# Copyright 2007-2021 IAR Systems AB.
#
#    Output file  =  C:\Workspace\pwm\EWARM\pwm\Exe\pwm.out
#    Map file     =  C:\Workspace\pwm\EWARM\pwm\List\pwm.map
#    Command line =
#        -f C:\Workspace\pwm\EWARM\pwm\Exe\pwm.out.rsp
#        (C:\Workspace\pwm\EWARM\pwm\Obj\Application\User\Core\main.o
#        C:\Workspace\pwm\EWARM\pwm\Obj\Application\EWARM\startup_stm32l475xx.o
#        C:\Workspace\pwm\EWARM\pwm\Obj\Drivers\STM32L4xx_HAL_Driver\stm32l4xx_hal.o
#        C:\Workspace\pwm\EWARM\pwm\Obj\Drivers\STM32L4xx_HAL_Driver\stm32l4xx_hal_cortex.o
#        C:\Workspace\pwm\EWARM\pwm\Obj\Drivers\STM32L4xx_HAL_Driver\stm32l4xx_hal_dma.o
#        C:\Workspace\pwm\EWARM\pwm\Obj\Drivers\STM32L4xx_HAL_Driver\stm32l4xx_hal_dma_ex.o
#        C:\Workspace\pwm\EWARM\pwm\Obj\Drivers\STM32L4xx_HAL_Driver\stm32l4xx_hal_exti.o
#        C:\Workspace\pwm\EWARM\pwm\Obj\Drivers\STM32L4xx_HAL_Driver\stm32l4xx_hal_flash.o
#        C:\Workspace\pwm\EWARM\pwm\Obj\Drivers\STM32L4xx_HAL_Driver\stm32l4xx_hal_flash_ex.o
#        C:\Workspace\pwm\EWARM\pwm\Obj\Drivers\STM32L4xx_HAL_Driver\stm32l4xx_hal_flash_ramfunc.o
#        C:\Workspace\pwm\EWARM\pwm\Obj\Drivers\STM32L4xx_HAL_Driver\stm32l4xx_hal_gpio.o
#        C:\Workspace\pwm\EWARM\pwm\Obj\Drivers\STM32L4xx_HAL_Driver\stm32l4xx_hal_i2c.o
#        C:\Workspace\pwm\EWARM\pwm\Obj\Drivers\STM32L4xx_HAL_Driver\stm32l4xx_hal_i2c_ex.o
#        C:\Workspace\pwm\EWARM\pwm\Obj\Application\User\Core\stm32l4xx_hal_msp.o
#        C:\Workspace\pwm\EWARM\pwm\Obj\Drivers\STM32L4xx_HAL_Driver\stm32l4xx_hal_pwr.o
#        C:\Workspace\pwm\EWARM\pwm\Obj\Drivers\STM32L4xx_HAL_Driver\stm32l4xx_hal_pwr_ex.o
#        C:\Workspace\pwm\EWARM\pwm\Obj\Drivers\STM32L4xx_HAL_Driver\stm32l4xx_hal_rcc.o
#        C:\Workspace\pwm\EWARM\pwm\Obj\Drivers\STM32L4xx_HAL_Driver\stm32l4xx_hal_rcc_ex.o
#        C:\Workspace\pwm\EWARM\pwm\Obj\Drivers\STM32L4xx_HAL_Driver\stm32l4xx_hal_tim.o
#        C:\Workspace\pwm\EWARM\pwm\Obj\Drivers\STM32L4xx_HAL_Driver\stm32l4xx_hal_tim_ex.o
#        C:\Workspace\pwm\EWARM\pwm\Obj\Application\User\Core\stm32l4xx_hal_timebase_tim.o
#        C:\Workspace\pwm\EWARM\pwm\Obj\Application\User\Core\stm32l4xx_it.o
#        C:\Workspace\pwm\EWARM\pwm\Obj\Drivers\CMSIS\system_stm32l4xx.o
#        --no_out_extension -o C:\Workspace\pwm\EWARM\pwm\Exe\pwm.out
#        --redirect _Printf=_PrintfFullNoMb --redirect _Scanf=_ScanfFullNoMb
#        --map C:\Workspace\pwm\EWARM\pwm\List\pwm.map --config
#        C:\Workspace\pwm\EWARM/stm32l475xx_flash.icf --semihosting --entry
#        __iar_program_start --vfe --text_out locale)
#
###############################################################################

*******************************************************************************
*** RUNTIME MODEL ATTRIBUTES
***

CppFlavor       = *
__SystemLibrary = DLib
__dlib_version  = 6


*******************************************************************************
*** HEAP SELECTION
***

The basic heap was selected because some modules are built with
size limitations (and not runtime checking), and --advanced_heap
was not specified.


*******************************************************************************
*** PLACEMENT SUMMARY
***

"A0":  place at address 0x800'0000 { ro section .intvec };
"P1":  place in [from 0x800'0000 to 0x80f'ffff] { ro };
define block CSTACK with size = 1K, alignment = 8 { };
define block HEAP with size = 512, alignment = 8 { };
"P2":  place in [from 0x2000'0000 to 0x2001'7fff] {
          rw, block CSTACK, block HEAP };
"P3":  place in [from 0x2000'0000 to 0x2001'7fff] { };
initialize by copy { rw };

  Section            Kind         Address    Size  Object
  -------            ----         -------    ----  ------
"A0":                                       0x188
  .intvec            ro code   0x800'0000   0x188  startup_stm32l475xx.o [1]
                             - 0x800'0188   0x188

"P1":                                      0x1d70
  .text              ro code   0x800'0188   0x906  stm32l4xx_hal_tim.o [4]
  .text              ro code   0x800'0a8e    0x2a  copy_init3.o [7]
  .text              ro code   0x800'0ab8   0x148  stm32l4xx_hal_msp.o [2]
  .text              ro code   0x800'0c00     0x2  stm32l4xx_hal_tim.o [4]
  .text              ro code   0x800'0c02     0x2  stm32l4xx_hal_tim.o [4]
  .text              ro code   0x800'0c04     0x2  stm32l4xx_hal_tim.o [4]
  .text              ro code   0x800'0c08   0x334  main.o [2]
  .text              ro code   0x800'0f3c     0x2  stm32l4xx_hal_tim_ex.o [4]
  .text              ro code   0x800'0f3e     0x2  stm32l4xx_hal_tim_ex.o [4]
  .text              ro code   0x800'0f40     0x2  stm32l4xx_hal_tim.o [4]
  .text              ro code   0x800'0f42     0x2  stm32l4xx_hal_tim_ex.o [4]
  .text              ro code   0x800'0f44     0x2  stm32l4xx_hal_tim.o [4]
  .text              ro code   0x800'0f48    0x9c  stm32l4xx_hal_cortex.o [4]
  .text              ro code   0x800'0fe4    0x14  memset.o [7]
  .text              ro code   0x800'0ff8   0x1f0  stm32l4xx_hal_gpio.o [4]
  .text              ro code   0x800'11e8    0x1e  stm32l4xx_hal.o [4]
  .text              ro code   0x800'1208   0x118  stm32l4xx_hal_tim_ex.o [4]
  .text              ro code   0x800'1320    0x28  stm32l4xx_hal.o [4]
  .text              ro code   0x800'1348    0x84  stm32l4xx_hal_pwr_ex.o [4]
  .text              ro code   0x800'13cc   0x714  stm32l4xx_hal_rcc.o [4]
  .text              ro code   0x800'1ae0    0x10  stm32l4xx_hal.o [4]
  .text              ro code   0x800'1af0    0x66  ABImemset.o [7]
  .text              ro code   0x800'1b58    0x78  stm32l4xx_hal_timebase_tim.o [2]
  .text              ro code   0x800'1bd0     0xc  stm32l4xx_hal.o [4]
  .text              ro code   0x800'1bdc    0x50  system_stm32l4xx.o [3]
  .text              ro code   0x800'1c2c    0x38  zero_init3.o [7]
  .rodata            const     0x800'1c64    0x30  system_stm32l4xx.o [3]
  .text              ro code   0x800'1c94    0x2c  stm32l4xx_it.o [2]
  .text              ro code   0x800'1cc0    0x28  data_init.o [7]
  .text              ro code   0x800'1ce8    0x22  fpinit_M.o [6]
  .iar.init_table    const     0x800'1d0c    0x24  - Linker created -
  .text              ro code   0x800'1d30    0x1e  cmain.o [7]
  .text              ro code   0x800'1d4e     0x4  low_level_init.o [5]
  .text              ro code   0x800'1d52     0x4  exit.o [5]
  .text              ro code   0x800'1d58     0xa  cexit.o [7]
  .text              ro code   0x800'1d64    0x14  exit.o [8]
  .text              ro code   0x800'1d78    0x1c  cstartup_M.o [7]
  .text              ro code   0x800'1d94    0x10  startup_stm32l475xx.o [1]
  Initializer bytes  const     0x800'1da4    0x10  <for P2-P3-1>
  .rodata            const     0x800'1db4     0x8  system_stm32l4xx.o [3]
  .text              ro code   0x800'1dbc     0x4  startup_stm32l475xx.o [1]
  .text              ro code   0x800'1dc0     0x4  startup_stm32l475xx.o [1]
  .text              ro code   0x800'1dc4     0x4  startup_stm32l475xx.o [1]
  .text              ro code   0x800'1dc8     0x4  startup_stm32l475xx.o [1]
  .text              ro code   0x800'1dcc     0x4  startup_stm32l475xx.o [1]
  .text              ro code   0x800'1dd0     0x4  startup_stm32l475xx.o [1]
  .text              ro code   0x800'1dd4     0x4  startup_stm32l475xx.o [1]
  .text              ro code   0x800'1dd8     0x4  startup_stm32l475xx.o [1]
  .text              ro code   0x800'1ddc     0x4  startup_stm32l475xx.o [1]
  .text              ro code   0x800'1de0     0x4  startup_stm32l475xx.o [1]
  .text              ro code   0x800'1de4     0x4  startup_stm32l475xx.o [1]
  .text              ro code   0x800'1de8     0x4  startup_stm32l475xx.o [1]
  .text              ro code   0x800'1dec     0x4  startup_stm32l475xx.o [1]
  .text              ro code   0x800'1df0     0x4  startup_stm32l475xx.o [1]
  .text              ro code   0x800'1df4     0x4  startup_stm32l475xx.o [1]
  .text              ro code   0x800'1df8     0x4  startup_stm32l475xx.o [1]
  .text              ro code   0x800'1dfc     0x4  startup_stm32l475xx.o [1]
  .text              ro code   0x800'1e00     0x4  startup_stm32l475xx.o [1]
  .text              ro code   0x800'1e04     0x4  startup_stm32l475xx.o [1]
  .text              ro code   0x800'1e08     0x4  startup_stm32l475xx.o [1]
  .text              ro code   0x800'1e0c     0x4  startup_stm32l475xx.o [1]
  .text              ro code   0x800'1e10     0x4  startup_stm32l475xx.o [1]
  .text              ro code   0x800'1e14     0x4  startup_stm32l475xx.o [1]
  .text              ro code   0x800'1e18     0x4  startup_stm32l475xx.o [1]
  .text              ro code   0x800'1e1c     0x4  startup_stm32l475xx.o [1]
  .text              ro code   0x800'1e20     0x4  startup_stm32l475xx.o [1]
  .text              ro code   0x800'1e24     0x4  startup_stm32l475xx.o [1]
  .text              ro code   0x800'1e28     0x4  startup_stm32l475xx.o [1]
  .text              ro code   0x800'1e2c     0x4  startup_stm32l475xx.o [1]
  .text              ro code   0x800'1e30     0x4  startup_stm32l475xx.o [1]
  .text              ro code   0x800'1e34     0x4  startup_stm32l475xx.o [1]
  .text              ro code   0x800'1e38     0x4  startup_stm32l475xx.o [1]
  .text              ro code   0x800'1e3c     0x4  startup_stm32l475xx.o [1]
  .text              ro code   0x800'1e40     0x4  startup_stm32l475xx.o [1]
  .text              ro code   0x800'1e44     0x4  startup_stm32l475xx.o [1]
  .text              ro code   0x800'1e48     0x4  startup_stm32l475xx.o [1]
  .text              ro code   0x800'1e4c     0x4  startup_stm32l475xx.o [1]
  .text              ro code   0x800'1e50     0x4  startup_stm32l475xx.o [1]
  .text              ro code   0x800'1e54     0x4  startup_stm32l475xx.o [1]
  .text              ro code   0x800'1e58     0x4  startup_stm32l475xx.o [1]
  .text              ro code   0x800'1e5c     0x4  startup_stm32l475xx.o [1]
  .text              ro code   0x800'1e60     0x4  startup_stm32l475xx.o [1]
  .text              ro code   0x800'1e64     0x4  startup_stm32l475xx.o [1]
  .text              ro code   0x800'1e68     0x4  startup_stm32l475xx.o [1]
  .text              ro code   0x800'1e6c     0x4  startup_stm32l475xx.o [1]
  .text              ro code   0x800'1e70     0x4  startup_stm32l475xx.o [1]
  .text              ro code   0x800'1e74     0x4  startup_stm32l475xx.o [1]
  .text              ro code   0x800'1e78     0x4  startup_stm32l475xx.o [1]
  .text              ro code   0x800'1e7c     0x4  startup_stm32l475xx.o [1]
  .text              ro code   0x800'1e80     0x4  startup_stm32l475xx.o [1]
  .text              ro code   0x800'1e84     0x4  startup_stm32l475xx.o [1]
  .text              ro code   0x800'1e88     0x4  startup_stm32l475xx.o [1]
  .text              ro code   0x800'1e8c     0x4  startup_stm32l475xx.o [1]
  .text              ro code   0x800'1e90     0x4  startup_stm32l475xx.o [1]
  .text              ro code   0x800'1e94     0x4  startup_stm32l475xx.o [1]
  .text              ro code   0x800'1e98     0x4  startup_stm32l475xx.o [1]
  .text              ro code   0x800'1e9c     0x4  startup_stm32l475xx.o [1]
  .text              ro code   0x800'1ea0     0x4  startup_stm32l475xx.o [1]
  .text              ro code   0x800'1ea4     0x4  startup_stm32l475xx.o [1]
  .text              ro code   0x800'1ea8     0x4  startup_stm32l475xx.o [1]
  .text              ro code   0x800'1eac     0x4  startup_stm32l475xx.o [1]
  .text              ro code   0x800'1eb0     0x4  startup_stm32l475xx.o [1]
  .text              ro code   0x800'1eb4     0x4  startup_stm32l475xx.o [1]
  .text              ro code   0x800'1eb8     0x4  startup_stm32l475xx.o [1]
  .text              ro code   0x800'1ebc     0x4  startup_stm32l475xx.o [1]
  .text              ro code   0x800'1ec0     0x4  startup_stm32l475xx.o [1]
  .text              ro code   0x800'1ec4     0x4  startup_stm32l475xx.o [1]
  .text              ro code   0x800'1ec8     0x4  startup_stm32l475xx.o [1]
  .text              ro code   0x800'1ecc     0x4  startup_stm32l475xx.o [1]
  .text              ro code   0x800'1ed0     0x4  startup_stm32l475xx.o [1]
  .text              ro code   0x800'1ed4     0x4  startup_stm32l475xx.o [1]
  .text              ro code   0x800'1ed8     0x4  startup_stm32l475xx.o [1]
  .text              ro code   0x800'1edc     0x4  startup_stm32l475xx.o [1]
  .text              ro code   0x800'1ee0     0x4  startup_stm32l475xx.o [1]
  .text              ro code   0x800'1ee4     0x4  startup_stm32l475xx.o [1]
  .text              ro code   0x800'1ee8     0x4  startup_stm32l475xx.o [1]
  .text              ro code   0x800'1eec     0x4  startup_stm32l475xx.o [1]
  .text              ro code   0x800'1ef0     0x4  startup_stm32l475xx.o [1]
  .text              ro code   0x800'1ef4     0x4  startup_stm32l475xx.o [1]
  .rodata            const     0x800'1ef8     0x0  zero_init3.o [7]
  .rodata            const     0x800'1ef8     0x0  copy_init3.o [7]
                             - 0x800'1ef8  0x1d70

"P2-P3", part 1 of 3:                        0x10
  P2-P3-1                     0x2000'0000    0x10  <Init block>
    .data            inited   0x2000'0000     0xc  stm32l4xx_hal.o [4]
    .data            inited   0x2000'000c     0x4  system_stm32l4xx.o [3]
                            - 0x2000'0010    0x10

"P2-P3", part 2 of 3:                       0x130
  .bss               zero     0x2000'0010    0x98  main.o [2]
  .bss               zero     0x2000'00a8    0x4c  main.o [2]
  .bss               zero     0x2000'00f4    0x4c  stm32l4xx_hal_timebase_tim.o [2]
                            - 0x2000'0140   0x130

"P2-P3", part 3 of 3:                       0x400
  CSTACK                      0x2000'0140   0x400  <Block>
    CSTACK           uninit   0x2000'0140   0x400  <Block tail>
                            - 0x2000'0540   0x400

Unused ranges:

         From           To      Size
         ----           --      ----
   0x800'1ef8   0x80f'ffff  0xf'e108
  0x2000'0540  0x2001'7fff  0x1'7ac0


*******************************************************************************
*** INIT TABLE
***

          Address      Size
          -------      ----
Zero (__iar_zero_init3)
    1 destination range, total size 0x130:
          0x2000'0010  0x130

Copy (__iar_copy_init3)
    1 source range, total size 0x10:
           0x800'1da4   0x10
    1 destination range, total size 0x10:
          0x2000'0000   0x10



*******************************************************************************
*** MODULE SUMMARY
***

    Module                        ro code  ro data  rw data
    ------                        -------  -------  -------
command line/config:
    -------------------------------------------------------
    Total:

C:\Workspace\pwm\EWARM\pwm\Obj\Application\EWARM: [1]
    startup_stm32l475xx.o             724
    -------------------------------------------------------
    Total:                            724

C:\Workspace\pwm\EWARM\pwm\Obj\Application\User\Core: [2]
    main.o                            820               228
    stm32l4xx_hal_msp.o               328
    stm32l4xx_hal_timebase_tim.o      120                76
    stm32l4xx_it.o                     44
    -------------------------------------------------------
    Total:                          1'312               304

C:\Workspace\pwm\EWARM\pwm\Obj\Drivers\CMSIS: [3]
    system_stm32l4xx.o                 80       60        4
    -------------------------------------------------------
    Total:                             80       60        4

C:\Workspace\pwm\EWARM\pwm\Obj\Drivers\STM32L4xx_HAL_Driver: [4]
    stm32l4xx_hal.o                    98       12       12
    stm32l4xx_hal_cortex.o            156
    stm32l4xx_hal_gpio.o              496
    stm32l4xx_hal_pwr_ex.o            132
    stm32l4xx_hal_rcc.o             1'812
    stm32l4xx_hal_tim.o             2'320
    stm32l4xx_hal_tim_ex.o            286
    -------------------------------------------------------
    Total:                          5'300       12       12

dl7M_tln.a: [5]
    exit.o                              4
    low_level_init.o                    4
    -------------------------------------------------------
    Total:                              8

m7M_tls.a: [6]
    fpinit_M.o                         34
    -------------------------------------------------------
    Total:                             34

rt7M_tl.a: [7]
    ABImemset.o                       102
    cexit.o                            10
    cmain.o                            30
    copy_init3.o                       42
    cstartup_M.o                       28
    data_init.o                        40
    memset.o                           20
    zero_init3.o                       56
    -------------------------------------------------------
    Total:                            328

shb_l.a: [8]
    exit.o                             20
    -------------------------------------------------------
    Total:                             20

    Gaps                               12        2
    Linker created                              36    1'024
-----------------------------------------------------------
    Grand Total:                    7'818      110    1'344


*******************************************************************************
*** ENTRY LIST
***

Entry                       Address   Size  Type      Object
-----                       -------   ----  ----      ------
.iar.init_table$$Base    0x800'1d0c          --   Gb  - Linker created -
.iar.init_table$$Limit   0x800'1d30          --   Gb  - Linker created -
?main                    0x800'1d31         Code  Gb  cmain.o [7]
AHBPrescTable            0x800'1c1c   0x10  Data  Gb  system_stm32l4xx.o [3]
APBPrescTable            0x800'1db4    0x8  Data  Gb  system_stm32l4xx.o [3]
BusFault_Handler         0x800'1c9b    0x2  Code  Gb  stm32l4xx_it.o [2]
CSTACK$$Base            0x2000'0140          --   Gb  - Linker created -
CSTACK$$Limit           0x2000'0540          --   Gb  - Linker created -
DebugMon_Handler         0x800'1ca1    0x2  Code  Gb  stm32l4xx_it.o [2]
Error_Handler            0x800'0f39    0x4  Code  Gb  main.o [2]
HAL_Delay                0x800'1321   0x28  Code  Gb  stm32l4xx_hal.o [4]
HAL_GPIO_Init            0x800'0ff9  0x1bc  Code  Gb  stm32l4xx_hal_gpio.o [4]
HAL_GPIO_TogglePin       0x800'11b5   0x10  Code  Gb  stm32l4xx_hal_gpio.o [4]
HAL_GetTick              0x800'1bd1    0xc  Code  Gb  stm32l4xx_hal.o [4]
HAL_IncTick              0x800'1ae1   0x10  Code  Gb  stm32l4xx_hal.o [4]
HAL_Init                 0x800'11e9   0x1e  Code  Gb  stm32l4xx_hal.o [4]
HAL_InitTick             0x800'1b59   0x66  Code  Gb  stm32l4xx_hal_timebase_tim.o [2]
HAL_MspInit              0x800'0ab9   0x2c  Code  Gb  stm32l4xx_hal_msp.o [2]
HAL_NVIC_EnableIRQ       0x800'0fb9   0x16  Code  Gb  stm32l4xx_hal_cortex.o [4]
HAL_NVIC_SetPriority     0x800'0f7d   0x3a  Code  Gb  stm32l4xx_hal_cortex.o [4]
HAL_NVIC_SetPriorityGrouping
                         0x800'0f63   0x1a  Code  Gb  stm32l4xx_hal_cortex.o [4]
HAL_PWREx_ControlVoltageScaling
                         0x800'1355   0x5c  Code  Gb  stm32l4xx_hal_pwr_ex.o [4]
HAL_PWREx_GetVoltageRange
                         0x800'1349    0xc  Code  Gb  stm32l4xx_hal_pwr_ex.o [4]
HAL_RCC_ClockConfig      0x800'1837  0x100  Code  Gb  stm32l4xx_hal_rcc.o [4]
HAL_RCC_GetClockConfig   0x800'19f5   0x36  Code  Gb  stm32l4xx_hal_rcc.o [4]
HAL_RCC_GetPCLK2Freq     0x800'19dd    0xe  Code  Gb  stm32l4xx_hal_rcc.o [4]
HAL_RCC_GetSysClockFreq
                         0x800'194b   0x92  Code  Gb  stm32l4xx_hal_rcc.o [4]
HAL_RCC_OscConfig        0x800'13cd  0x43e  Code  Gb  stm32l4xx_hal_rcc.o [4]
HAL_TIMEx_Break2Callback
                         0x800'0f3f    0x2  Code  Gb  stm32l4xx_hal_tim_ex.o [4]
HAL_TIMEx_BreakCallback
                         0x800'0f3d    0x2  Code  Gb  stm32l4xx_hal_tim_ex.o [4]
HAL_TIMEx_CommutCallback
                         0x800'0f43    0x2  Code  Gb  stm32l4xx_hal_tim_ex.o [4]
HAL_TIMEx_ConfigBreakDeadTime
                         0x800'1285   0x84  Code  Gb  stm32l4xx_hal_tim_ex.o [4]
HAL_TIMEx_MasterConfigSynchronization
                         0x800'1209   0x7a  Code  Gb  stm32l4xx_hal_tim_ex.o [4]
HAL_TIM_Base_Init        0x800'0189   0x1a  Code  Gb  stm32l4xx_hal_tim.o [4]
HAL_TIM_Base_MspInit     0x800'0ae5   0x62  Code  Gb  stm32l4xx_hal_msp.o [2]
HAL_TIM_Base_Start_IT    0x800'01a3   0x72  Code  Gb  stm32l4xx_hal_tim.o [4]
HAL_TIM_ConfigClockSource
                         0x800'060d   0x90  Code  Gb  stm32l4xx_hal_tim.o [4]
HAL_TIM_IC_CaptureCallback
                         0x800'0c03    0x2  Code  Gb  stm32l4xx_hal_tim.o [4]
HAL_TIM_IRQHandler       0x800'039d  0x15c  Code  Gb  stm32l4xx_hal_tim.o [4]
HAL_TIM_MspPostInit      0x800'0b47   0x96  Code  Gb  stm32l4xx_hal_msp.o [2]
HAL_TIM_OC_DelayElapsedCallback
                         0x800'0c05    0x2  Code  Gb  stm32l4xx_hal_tim.o [4]
HAL_TIM_PWM_ConfigChannel
                         0x800'04ff  0x102  Code  Gb  stm32l4xx_hal_tim.o [4]
HAL_TIM_PWM_Init         0x800'023f   0x1a  Code  Gb  stm32l4xx_hal_tim.o [4]
HAL_TIM_PWM_MspInit      0x800'0c01    0x2  Code  Gb  stm32l4xx_hal_tim.o [4]
HAL_TIM_PWM_PulseFinishedCallback
                         0x800'0f45    0x2  Code  Gb  stm32l4xx_hal_tim.o [4]
HAL_TIM_PWM_Start        0x800'0259   0xc4  Code  Gb  stm32l4xx_hal_tim.o [4]
HAL_TIM_PeriodElapsedCallback
                         0x800'0f11    0xe  Code  Gb  main.o [2]
HAL_TIM_TriggerCallback
                         0x800'0f41    0x2  Code  Gb  stm32l4xx_hal_tim.o [4]
HardFault_Handler        0x800'1c97    0x2  Code  Gb  stm32l4xx_it.o [2]
MSIRangeTable            0x800'1c64   0x30  Data  Gb  system_stm32l4xx.o [3]
MemManage_Handler        0x800'1c99    0x2  Code  Gb  stm32l4xx_it.o [2]
NMI_Handler              0x800'1c95    0x2  Code  Gb  stm32l4xx_it.o [2]
PendSV_Handler           0x800'1ca3    0x2  Code  Gb  stm32l4xx_it.o [2]
RCC_SetFlashLatencyFromMSIRange
                         0x800'1a2b   0x74  Code  Lc  stm32l4xx_hal_rcc.o [4]
Region$$Table$$Base      0x800'1d0c          --   Gb  - Linker created -
Region$$Table$$Limit     0x800'1d30          --   Gb  - Linker created -
SVC_Handler              0x800'1c9f    0x2  Code  Gb  stm32l4xx_it.o [2]
SysTick_Handler          0x800'1ca5    0x2  Code  Gb  stm32l4xx_it.o [2]
SystemClock_Config       0x800'0eb3   0x5e  Code  Gb  main.o [2]
SystemCoreClock         0x2000'000c    0x4  Data  Gb  system_stm32l4xx.o [3]
SystemInit               0x800'1bdd   0x34  Code  Gb  system_stm32l4xx.o [3]
TIM1_UP_TIM16_IRQHandler
                         0x800'1ca7   0x12  Code  Gb  stm32l4xx_it.o [2]
TIM_Base_SetConfig       0x800'06c9   0xac  Code  Gb  stm32l4xx_hal_tim.o [4]
TIM_CCxChannelCmd        0x800'0a73   0x16  Code  Gb  stm32l4xx_hal_tim.o [4]
TIM_ETR_SetConfig        0x800'0a5f   0x14  Code  Gb  stm32l4xx_hal_tim.o [4]
TIM_ITRx_SetConfig       0x800'0a4f   0x10  Code  Lc  stm32l4xx_hal_tim.o [4]
TIM_OC1_SetConfig        0x800'0775   0x82  Code  Lc  stm32l4xx_hal_tim.o [4]
TIM_OC2_SetConfig        0x800'07f7   0x72  Code  Gb  stm32l4xx_hal_tim.o [4]
TIM_OC3_SetConfig        0x800'0869   0x70  Code  Lc  stm32l4xx_hal_tim.o [4]
TIM_OC4_SetConfig        0x800'08d9   0x4e  Code  Lc  stm32l4xx_hal_tim.o [4]
TIM_OC5_SetConfig        0x800'0927   0x54  Code  Lc  stm32l4xx_hal_tim.o [4]
TIM_OC6_SetConfig        0x800'097b   0x4e  Code  Lc  stm32l4xx_hal_tim.o [4]
TIM_TI1_ConfigInputStage
                         0x800'0a0d   0x1e  Code  Lc  stm32l4xx_hal_tim.o [4]
TIM_TI2_ConfigInputStage
                         0x800'0a2b   0x24  Code  Lc  stm32l4xx_hal_tim.o [4]
UsageFault_Handler       0x800'1c9d    0x2  Code  Gb  stm32l4xx_it.o [2]
__NVIC_SetPriority       0x800'0f49   0x1a  Code  Lc  stm32l4xx_hal_cortex.o [4]
__aeabi_memset           0x800'1af1         Code  Gb  ABImemset.o [7]
__cmain                  0x800'1d31         Code  Gb  cmain.o [7]
__exit                   0x800'1d65   0x14  Code  Gb  exit.o [8]
__iar_Memset             0x800'1af1         Code  Gb  ABImemset.o [7]
__iar_Memset_word        0x800'1af9         Code  Gb  ABImemset.o [7]
__iar_copy_init3         0x800'0a8f   0x2a  Code  Gb  copy_init3.o [7]
__iar_data_init3         0x800'1cc1   0x28  Code  Gb  data_init.o [7]
__iar_init_vfp           0x800'1ce9         Code  Gb  fpinit_M.o [6]
__iar_program_start      0x800'1d79         Code  Gb  cstartup_M.o [7]
__iar_zero_init3         0x800'1c2d   0x38  Code  Gb  zero_init3.o [7]
__low_level_init         0x800'1d4f    0x4  Code  Gb  low_level_init.o [5]
__vector_table           0x800'0000         Data  Gb  startup_stm32l475xx.o [1]
_call_main               0x800'1d3d         Code  Gb  cmain.o [7]
_exit                    0x800'1d59         Code  Gb  cexit.o [7]
exit                     0x800'1d53    0x4  Code  Gb  exit.o [5]
htim1                   0x2000'0010   0x4c  Data  Gb  main.o [2]
htim16                  0x2000'00f4   0x4c  Data  Gb  stm32l4xx_hal_timebase_tim.o [2]
htim2                   0x2000'00a8   0x4c  Data  Gb  main.o [2]
htim4                   0x2000'005c   0x4c  Data  Gb  main.o [2]
main                     0x800'0c2f  0x266  Code  Gb  main.o [2]
memset                   0x800'0fe5   0x14  Code  Gb  memset.o [7]
user_pwm_setvalue        0x800'0c09   0x26  Code  Gb  main.o [2]
uwTick                  0x2000'0004    0x4  Data  Gb  stm32l4xx_hal.o [4]
uwTickFreq              0x2000'0000    0x1  Data  Gb  stm32l4xx_hal.o [4]
uwTickPrio              0x2000'0008    0x4  Data  Gb  stm32l4xx_hal.o [4]


[1] = C:\Workspace\pwm\EWARM\pwm\Obj\Application\EWARM
[2] = C:\Workspace\pwm\EWARM\pwm\Obj\Application\User\Core
[3] = C:\Workspace\pwm\EWARM\pwm\Obj\Drivers\CMSIS
[4] = C:\Workspace\pwm\EWARM\pwm\Obj\Drivers\STM32L4xx_HAL_Driver
[5] = dl7M_tln.a
[6] = m7M_tls.a
[7] = rt7M_tl.a
[8] = shb_l.a

  7'818 bytes of readonly  code memory
    110 bytes of readonly  data memory
  1'344 bytes of readwrite data memory

Errors: none
Warnings: none
